ARM GAS  C:\Users\tkam627\AppData\Local\Temp\cchMaR12.s 			page 1


   1              		.syntax unified
   2              		.cpu cortex-m3
   3              		.fpu softvfp
   4              		.eabi_attribute 20, 1
   5              		.eabi_attribute 21, 1
   6              		.eabi_attribute 23, 3
   7              		.eabi_attribute 24, 1
   8              		.eabi_attribute 25, 1
   9              		.eabi_attribute 26, 1
  10              		.eabi_attribute 30, 1
  11              		.eabi_attribute 34, 1
  12              		.eabi_attribute 18, 4
  13              		.thumb
  14              		.syntax unified
  15              		.file	"debug.c"
  16              		.text
  17              	.Ltext0:
  18              		.cfi_sections	.debug_frame
  19              		.section	.text._write,"ax",%progbits
  20              		.align	2
  21              		.global	_write
  22              		.thumb
  23              		.thumb_func
  24              		.type	_write, %function
  25              	_write:
  26              	.LFB64:
  27              		.file 1 "debug.c"
   1:debug.c       **** /*******************************************************************************
   2:debug.c       **** * File Name: debug.c
   3:debug.c       **** *
   4:debug.c       **** * Version: 1.10
   5:debug.c       **** *
   6:debug.c       **** * Description:
   7:debug.c       **** *  This file contains functions for printf functionality.
   8:debug.c       **** *
   9:debug.c       **** *******************************************************************************
  10:debug.c       **** * Copyright (2017), Cypress Semiconductor Corporation. All rights reserved.
  11:debug.c       **** *******************************************************************************
  12:debug.c       **** * This software, including source code, documentation and related materials
  13:debug.c       **** * (“Software”), is owned by Cypress Semiconductor Corporation or one of its
  14:debug.c       **** * subsidiaries (“Cypress”) and is protected by and subject to worldwide patent
  15:debug.c       **** * protection (United States and foreign), United States copyright laws and
  16:debug.c       **** * international treaty provisions. Therefore, you may use this Software only
  17:debug.c       **** * as provided in the license agreement accompanying the software package from
  18:debug.c       **** * which you obtained this Software (“EULA”).
  19:debug.c       **** *
  20:debug.c       **** * If no EULA applies, Cypress hereby grants you a personal, non-exclusive,
  21:debug.c       **** * non-transferable license to copy, modify, and compile the Software source
  22:debug.c       **** * code solely for use in connection with Cypress’s integrated circuit products.
  23:debug.c       **** * Any reproduction, modification, translation, compilation, or representation
  24:debug.c       **** * of this Software except as specified above is prohibited without the express
  25:debug.c       **** * written permission of Cypress.
  26:debug.c       **** *
  27:debug.c       **** * Disclaimer: THIS SOFTWARE IS PROVIDED AS-IS, WITH NO WARRANTY OF ANY KIND, 
  28:debug.c       **** * EXPRESS OR IMPLIED, INCLUDING, BUT NOT LIMITED TO, NONINFRINGEMENT, IMPLIED 
  29:debug.c       **** * WARRANTIES OF MERCHANTABILITY AND FITNESS FOR A PARTICULAR PURPOSE. Cypress 
  30:debug.c       **** * reserves the right to make changes to the Software without notice. Cypress 
ARM GAS  C:\Users\tkam627\AppData\Local\Temp\cchMaR12.s 			page 2


  31:debug.c       **** * does not assume any liability arising out of the application or use of the 
  32:debug.c       **** * Software or any product or circuit described in the Software. Cypress does 
  33:debug.c       **** * not authorize its products for use in any products where a malfunction or 
  34:debug.c       **** * failure of the Cypress product may reasonably be expected to result in 
  35:debug.c       **** * significant property damage, injury or death (“High Risk Product”). By 
  36:debug.c       **** * including Cypress’s product in a High Risk Product, the manufacturer of such 
  37:debug.c       **** * system or application assumes all risk of such use and in doing so agrees to 
  38:debug.c       **** * indemnify Cypress against all liability. 
  39:debug.c       **** *******************************************************************************/
  40:debug.c       **** 
  41:debug.c       **** 
  42:debug.c       **** #include <project.h>
  43:debug.c       **** #include <stdio.h>
  44:debug.c       **** #include "common.h"
  45:debug.c       **** 
  46:debug.c       **** #if (UART_PRINTF_ENABLED == ENABLED)
  47:debug.c       **** 
  48:debug.c       **** #if (CY_PSOC3)
  49:debug.c       ****     /* For Keil compiler revise putchar() function with communication
  50:debug.c       ****        component which has to send data */
  51:debug.c       ****     char putchar(char c)
  52:debug.c       ****     {
  53:debug.c       ****         UART_PutChar(c);
  54:debug.c       ****         return (c);
  55:debug.c       ****     }
  56:debug.c       ****     
  57:debug.c       **** #else
  58:debug.c       ****     
  59:debug.c       ****     #if defined(__ARMCC_VERSION)
  60:debug.c       ****         
  61:debug.c       ****     /* For MDK/RVDS compiler revise fputc function for printf functionality */
  62:debug.c       ****     struct __FILE 
  63:debug.c       ****     {
  64:debug.c       ****         int handle;  
  65:debug.c       ****     };
  66:debug.c       **** 
  67:debug.c       ****     enum 
  68:debug.c       ****     {
  69:debug.c       ****         STDIN_HANDLE,
  70:debug.c       ****         STDOUT_HANDLE,
  71:debug.c       ****         STDERR_HANDLE
  72:debug.c       ****     };
  73:debug.c       **** 
  74:debug.c       ****     FILE __stdin = {STDIN_HANDLE};
  75:debug.c       ****     FILE __stdout = {STDOUT_HANDLE};
  76:debug.c       ****     FILE __stderr = {STDERR_HANDLE};
  77:debug.c       **** 
  78:debug.c       ****     int fputc(int ch, FILE *file) 
  79:debug.c       ****     {
  80:debug.c       ****         int ret = EOF;
  81:debug.c       **** 
  82:debug.c       ****         switch( file->handle )
  83:debug.c       ****         {
  84:debug.c       ****             case STDOUT_HANDLE:
  85:debug.c       ****                 UART_PutChar(ch);
  86:debug.c       ****                 ret = ch ;
  87:debug.c       ****                 break ;
ARM GAS  C:\Users\tkam627\AppData\Local\Temp\cchMaR12.s 			page 3


  88:debug.c       **** 
  89:debug.c       ****             case STDERR_HANDLE:
  90:debug.c       ****                 ret = ch ;
  91:debug.c       ****                 break ;
  92:debug.c       **** 
  93:debug.c       ****             default:
  94:debug.c       ****                 file = file;
  95:debug.c       ****                 break ;
  96:debug.c       ****         }
  97:debug.c       ****         return (ret);
  98:debug.c       ****     }
  99:debug.c       **** 
 100:debug.c       ****     #elif defined (__ICCARM__)      /* IAR */
 101:debug.c       **** 
 102:debug.c       ****     /* For IAR compiler revise __write() function for printf functionality */
 103:debug.c       ****     size_t __write(int handle, const unsigned char * buffer, size_t size)
 104:debug.c       ****     {
 105:debug.c       ****         size_t nChars = 0;
 106:debug.c       **** 
 107:debug.c       ****         if (buffer != NULL)
 108:debug.c       ****         {
 109:debug.c       ****             for (/* Empty */; size != 0; --size)
 110:debug.c       ****             {
 111:debug.c       ****                 UART_PutChar(*buffer++);
 112:debug.c       ****                 ++nChars;
 113:debug.c       ****             }
 114:debug.c       ****         }
 115:debug.c       ****         else
 116:debug.c       ****         {
 117:debug.c       ****             /*
 118:debug.c       ****              * This means that we should flush internal buffers.  Since we
 119:debug.c       ****              * don't we just return.  (Remember, "handle" == -1 means that all
 120:debug.c       ****              * handles should be flushed.)
 121:debug.c       ****              */
 122:debug.c       ****         }
 123:debug.c       **** 
 124:debug.c       ****         return (nChars);
 125:debug.c       ****     }
 126:debug.c       **** 
 127:debug.c       ****     #else  /* (__GNUC__)  GCC */
 128:debug.c       **** 
 129:debug.c       ****     /* For GCC compiler revise _write() function for printf functionality */
 130:debug.c       ****     int _write(int file, char *ptr, int len)
 131:debug.c       ****     {
  28              		.loc 1 131 0
  29              		.cfi_startproc
  30              		@ args = 0, pretend = 0, frame = 0
  31              		@ frame_needed = 0, uses_anonymous_args = 0
  32              	.LVL0:
  33 0000 70B5     		push	{r4, r5, r6, lr}
  34              		.cfi_def_cfa_offset 16
  35              		.cfi_offset 4, -16
  36              		.cfi_offset 5, -12
  37              		.cfi_offset 6, -8
  38              		.cfi_offset 14, -4
  39 0002 1646     		mov	r6, r2
  40              	.LVL1:
ARM GAS  C:\Users\tkam627\AppData\Local\Temp\cchMaR12.s 			page 4


 132:debug.c       ****         int i;
 133:debug.c       ****         file = file;
 134:debug.c       ****         for (i = 0; i < len; i++)
  41              		.loc 1 134 0
  42 0004 0024     		movs	r4, #0
  43 0006 05E0     		b	.L2
  44              	.LVL2:
  45              	.L3:
 135:debug.c       ****         {
 136:debug.c       ****             UART_PutChar(*ptr++);
  46              		.loc 1 136 0 discriminator 3
  47 0008 4D1C     		adds	r5, r1, #1
  48              	.LVL3:
  49 000a 0878     		ldrb	r0, [r1]	@ zero_extendqisi2
  50 000c FFF7FEFF 		bl	UART_PutChar
  51              	.LVL4:
 134:debug.c       ****         {
  52              		.loc 1 134 0 discriminator 3
  53 0010 0134     		adds	r4, r4, #1
  54              	.LVL5:
  55              		.loc 1 136 0 discriminator 3
  56 0012 2946     		mov	r1, r5
  57              	.LVL6:
  58              	.L2:
 134:debug.c       ****         {
  59              		.loc 1 134 0 discriminator 1
  60 0014 B442     		cmp	r4, r6
  61 0016 F7DB     		blt	.L3
 137:debug.c       ****         }
 138:debug.c       ****         return (len);
 139:debug.c       ****     }
  62              		.loc 1 139 0
  63 0018 3046     		mov	r0, r6
  64 001a 70BD     		pop	{r4, r5, r6, pc}
  65              		.cfi_endproc
  66              	.LFE64:
  67              		.size	_write, .-_write
  68              		.text
  69              	.Letext0:
  70              		.file 2 "c:\\program files (x86)\\cypress\\psoc creator\\4.2\\psoc creator\\import\\gnu\\arm\\5.4.
  71              		.file 3 "c:\\program files (x86)\\cypress\\psoc creator\\4.2\\psoc creator\\import\\gnu\\arm\\5.4.
  72              		.file 4 "Generated_Source\\PSoC5/core_cm3.h"
  73              		.file 5 "Generated_Source\\PSoC5/UART.h"
  74              		.section	.debug_info,"",%progbits
  75              	.Ldebug_info0:
  76 0000 20010000 		.4byte	0x120
  77 0004 0400     		.2byte	0x4
  78 0006 00000000 		.4byte	.Ldebug_abbrev0
  79 000a 04       		.byte	0x4
  80 000b 01       		.uleb128 0x1
  81 000c 23000000 		.4byte	.LASF17
  82 0010 0C       		.byte	0xc
  83 0011 0E000000 		.4byte	.LASF18
  84 0015 0C010000 		.4byte	.LASF19
  85 0019 00000000 		.4byte	.Ldebug_ranges0+0
  86 001d 00000000 		.4byte	0
  87 0021 00000000 		.4byte	.Ldebug_line0
ARM GAS  C:\Users\tkam627\AppData\Local\Temp\cchMaR12.s 			page 5


  88 0025 02       		.uleb128 0x2
  89 0026 01       		.byte	0x1
  90 0027 06       		.byte	0x6
  91 0028 87010000 		.4byte	.LASF0
  92 002c 02       		.uleb128 0x2
  93 002d 01       		.byte	0x1
  94 002e 08       		.byte	0x8
  95 002f F9000000 		.4byte	.LASF1
  96 0033 02       		.uleb128 0x2
  97 0034 02       		.byte	0x2
  98 0035 05       		.byte	0x5
  99 0036 AF010000 		.4byte	.LASF2
 100 003a 02       		.uleb128 0x2
 101 003b 02       		.byte	0x2
 102 003c 07       		.byte	0x7
 103 003d DA000000 		.4byte	.LASF3
 104 0041 03       		.uleb128 0x3
 105 0042 9F010000 		.4byte	.LASF9
 106 0046 02       		.byte	0x2
 107 0047 3F       		.byte	0x3f
 108 0048 4C000000 		.4byte	0x4c
 109 004c 02       		.uleb128 0x2
 110 004d 04       		.byte	0x4
 111 004e 05       		.byte	0x5
 112 004f 71010000 		.4byte	.LASF4
 113 0053 02       		.uleb128 0x2
 114 0054 04       		.byte	0x4
 115 0055 07       		.byte	0x7
 116 0056 B1000000 		.4byte	.LASF5
 117 005a 02       		.uleb128 0x2
 118 005b 08       		.byte	0x8
 119 005c 05       		.byte	0x5
 120 005d 00000000 		.4byte	.LASF6
 121 0061 02       		.uleb128 0x2
 122 0062 08       		.byte	0x8
 123 0063 07       		.byte	0x7
 124 0064 C3000000 		.4byte	.LASF7
 125 0068 04       		.uleb128 0x4
 126 0069 04       		.byte	0x4
 127 006a 05       		.byte	0x5
 128 006b 696E7400 		.ascii	"int\000"
 129 006f 02       		.uleb128 0x2
 130 0070 04       		.byte	0x4
 131 0071 07       		.byte	0x7
 132 0072 16000000 		.4byte	.LASF8
 133 0076 03       		.uleb128 0x3
 134 0077 B9010000 		.4byte	.LASF10
 135 007b 03       		.byte	0x3
 136 007c 2C       		.byte	0x2c
 137 007d 41000000 		.4byte	0x41
 138 0081 02       		.uleb128 0x2
 139 0082 04       		.byte	0x4
 140 0083 04       		.byte	0x4
 141 0084 A9010000 		.4byte	.LASF11
 142 0088 02       		.uleb128 0x2
 143 0089 08       		.byte	0x8
 144 008a 04       		.byte	0x4
ARM GAS  C:\Users\tkam627\AppData\Local\Temp\cchMaR12.s 			page 6


 145 008b 6A010000 		.4byte	.LASF12
 146 008f 02       		.uleb128 0x2
 147 0090 01       		.byte	0x1
 148 0091 08       		.byte	0x8
 149 0092 07010000 		.4byte	.LASF13
 150 0096 02       		.uleb128 0x2
 151 0097 08       		.byte	0x8
 152 0098 04       		.byte	0x4
 153 0099 93010000 		.4byte	.LASF14
 154 009d 02       		.uleb128 0x2
 155 009e 04       		.byte	0x4
 156 009f 07       		.byte	0x7
 157 00a0 C1010000 		.4byte	.LASF15
 158 00a4 05       		.uleb128 0x5
 159 00a5 04       		.byte	0x4
 160 00a6 8F000000 		.4byte	0x8f
 161 00aa 06       		.uleb128 0x6
 162 00ab F2000000 		.4byte	.LASF20
 163 00af 01       		.byte	0x1
 164 00b0 82       		.byte	0x82
 165 00b1 68000000 		.4byte	0x68
 166 00b5 00000000 		.4byte	.LFB64
 167 00b9 1C000000 		.4byte	.LFE64-.LFB64
 168 00bd 01       		.uleb128 0x1
 169 00be 9C       		.byte	0x9c
 170 00bf 07010000 		.4byte	0x107
 171 00c3 07       		.uleb128 0x7
 172 00c4 ED000000 		.4byte	.LASF16
 173 00c8 01       		.byte	0x1
 174 00c9 82       		.byte	0x82
 175 00ca 68000000 		.4byte	0x68
 176 00ce 00000000 		.4byte	.LLST0
 177 00d2 08       		.uleb128 0x8
 178 00d3 70747200 		.ascii	"ptr\000"
 179 00d7 01       		.byte	0x1
 180 00d8 82       		.byte	0x82
 181 00d9 A4000000 		.4byte	0xa4
 182 00dd 21000000 		.4byte	.LLST1
 183 00e1 08       		.uleb128 0x8
 184 00e2 6C656E00 		.ascii	"len\000"
 185 00e6 01       		.byte	0x1
 186 00e7 82       		.byte	0x82
 187 00e8 68000000 		.4byte	0x68
 188 00ec 4A000000 		.4byte	.LLST2
 189 00f0 09       		.uleb128 0x9
 190 00f1 6900     		.ascii	"i\000"
 191 00f3 01       		.byte	0x1
 192 00f4 84       		.byte	0x84
 193 00f5 68000000 		.4byte	0x68
 194 00f9 68000000 		.4byte	.LLST3
 195 00fd 0A       		.uleb128 0xa
 196 00fe 10000000 		.4byte	.LVL4
 197 0102 18010000 		.4byte	0x118
 198 0106 00       		.byte	0
 199 0107 0B       		.uleb128 0xb
 200 0108 7A010000 		.4byte	.LASF21
 201 010c 04       		.byte	0x4
ARM GAS  C:\Users\tkam627\AppData\Local\Temp\cchMaR12.s 			page 7


 202 010d 1207     		.2byte	0x712
 203 010f 13010000 		.4byte	0x113
 204 0113 0C       		.uleb128 0xc
 205 0114 76000000 		.4byte	0x76
 206 0118 0D       		.uleb128 0xd
 207 0119 5D010000 		.4byte	.LASF22
 208 011d 5D010000 		.4byte	.LASF22
 209 0121 05       		.byte	0x5
 210 0122 8A       		.byte	0x8a
 211 0123 00       		.byte	0
 212              		.section	.debug_abbrev,"",%progbits
 213              	.Ldebug_abbrev0:
 214 0000 01       		.uleb128 0x1
 215 0001 11       		.uleb128 0x11
 216 0002 01       		.byte	0x1
 217 0003 25       		.uleb128 0x25
 218 0004 0E       		.uleb128 0xe
 219 0005 13       		.uleb128 0x13
 220 0006 0B       		.uleb128 0xb
 221 0007 03       		.uleb128 0x3
 222 0008 0E       		.uleb128 0xe
 223 0009 1B       		.uleb128 0x1b
 224 000a 0E       		.uleb128 0xe
 225 000b 55       		.uleb128 0x55
 226 000c 17       		.uleb128 0x17
 227 000d 11       		.uleb128 0x11
 228 000e 01       		.uleb128 0x1
 229 000f 10       		.uleb128 0x10
 230 0010 17       		.uleb128 0x17
 231 0011 00       		.byte	0
 232 0012 00       		.byte	0
 233 0013 02       		.uleb128 0x2
 234 0014 24       		.uleb128 0x24
 235 0015 00       		.byte	0
 236 0016 0B       		.uleb128 0xb
 237 0017 0B       		.uleb128 0xb
 238 0018 3E       		.uleb128 0x3e
 239 0019 0B       		.uleb128 0xb
 240 001a 03       		.uleb128 0x3
 241 001b 0E       		.uleb128 0xe
 242 001c 00       		.byte	0
 243 001d 00       		.byte	0
 244 001e 03       		.uleb128 0x3
 245 001f 16       		.uleb128 0x16
 246 0020 00       		.byte	0
 247 0021 03       		.uleb128 0x3
 248 0022 0E       		.uleb128 0xe
 249 0023 3A       		.uleb128 0x3a
 250 0024 0B       		.uleb128 0xb
 251 0025 3B       		.uleb128 0x3b
 252 0026 0B       		.uleb128 0xb
 253 0027 49       		.uleb128 0x49
 254 0028 13       		.uleb128 0x13
 255 0029 00       		.byte	0
 256 002a 00       		.byte	0
 257 002b 04       		.uleb128 0x4
 258 002c 24       		.uleb128 0x24
ARM GAS  C:\Users\tkam627\AppData\Local\Temp\cchMaR12.s 			page 8


 259 002d 00       		.byte	0
 260 002e 0B       		.uleb128 0xb
 261 002f 0B       		.uleb128 0xb
 262 0030 3E       		.uleb128 0x3e
 263 0031 0B       		.uleb128 0xb
 264 0032 03       		.uleb128 0x3
 265 0033 08       		.uleb128 0x8
 266 0034 00       		.byte	0
 267 0035 00       		.byte	0
 268 0036 05       		.uleb128 0x5
 269 0037 0F       		.uleb128 0xf
 270 0038 00       		.byte	0
 271 0039 0B       		.uleb128 0xb
 272 003a 0B       		.uleb128 0xb
 273 003b 49       		.uleb128 0x49
 274 003c 13       		.uleb128 0x13
 275 003d 00       		.byte	0
 276 003e 00       		.byte	0
 277 003f 06       		.uleb128 0x6
 278 0040 2E       		.uleb128 0x2e
 279 0041 01       		.byte	0x1
 280 0042 3F       		.uleb128 0x3f
 281 0043 19       		.uleb128 0x19
 282 0044 03       		.uleb128 0x3
 283 0045 0E       		.uleb128 0xe
 284 0046 3A       		.uleb128 0x3a
 285 0047 0B       		.uleb128 0xb
 286 0048 3B       		.uleb128 0x3b
 287 0049 0B       		.uleb128 0xb
 288 004a 27       		.uleb128 0x27
 289 004b 19       		.uleb128 0x19
 290 004c 49       		.uleb128 0x49
 291 004d 13       		.uleb128 0x13
 292 004e 11       		.uleb128 0x11
 293 004f 01       		.uleb128 0x1
 294 0050 12       		.uleb128 0x12
 295 0051 06       		.uleb128 0x6
 296 0052 40       		.uleb128 0x40
 297 0053 18       		.uleb128 0x18
 298 0054 9742     		.uleb128 0x2117
 299 0056 19       		.uleb128 0x19
 300 0057 01       		.uleb128 0x1
 301 0058 13       		.uleb128 0x13
 302 0059 00       		.byte	0
 303 005a 00       		.byte	0
 304 005b 07       		.uleb128 0x7
 305 005c 05       		.uleb128 0x5
 306 005d 00       		.byte	0
 307 005e 03       		.uleb128 0x3
 308 005f 0E       		.uleb128 0xe
 309 0060 3A       		.uleb128 0x3a
 310 0061 0B       		.uleb128 0xb
 311 0062 3B       		.uleb128 0x3b
 312 0063 0B       		.uleb128 0xb
 313 0064 49       		.uleb128 0x49
 314 0065 13       		.uleb128 0x13
 315 0066 02       		.uleb128 0x2
ARM GAS  C:\Users\tkam627\AppData\Local\Temp\cchMaR12.s 			page 9


 316 0067 17       		.uleb128 0x17
 317 0068 00       		.byte	0
 318 0069 00       		.byte	0
 319 006a 08       		.uleb128 0x8
 320 006b 05       		.uleb128 0x5
 321 006c 00       		.byte	0
 322 006d 03       		.uleb128 0x3
 323 006e 08       		.uleb128 0x8
 324 006f 3A       		.uleb128 0x3a
 325 0070 0B       		.uleb128 0xb
 326 0071 3B       		.uleb128 0x3b
 327 0072 0B       		.uleb128 0xb
 328 0073 49       		.uleb128 0x49
 329 0074 13       		.uleb128 0x13
 330 0075 02       		.uleb128 0x2
 331 0076 17       		.uleb128 0x17
 332 0077 00       		.byte	0
 333 0078 00       		.byte	0
 334 0079 09       		.uleb128 0x9
 335 007a 34       		.uleb128 0x34
 336 007b 00       		.byte	0
 337 007c 03       		.uleb128 0x3
 338 007d 08       		.uleb128 0x8
 339 007e 3A       		.uleb128 0x3a
 340 007f 0B       		.uleb128 0xb
 341 0080 3B       		.uleb128 0x3b
 342 0081 0B       		.uleb128 0xb
 343 0082 49       		.uleb128 0x49
 344 0083 13       		.uleb128 0x13
 345 0084 02       		.uleb128 0x2
 346 0085 17       		.uleb128 0x17
 347 0086 00       		.byte	0
 348 0087 00       		.byte	0
 349 0088 0A       		.uleb128 0xa
 350 0089 898201   		.uleb128 0x4109
 351 008c 00       		.byte	0
 352 008d 11       		.uleb128 0x11
 353 008e 01       		.uleb128 0x1
 354 008f 31       		.uleb128 0x31
 355 0090 13       		.uleb128 0x13
 356 0091 00       		.byte	0
 357 0092 00       		.byte	0
 358 0093 0B       		.uleb128 0xb
 359 0094 34       		.uleb128 0x34
 360 0095 00       		.byte	0
 361 0096 03       		.uleb128 0x3
 362 0097 0E       		.uleb128 0xe
 363 0098 3A       		.uleb128 0x3a
 364 0099 0B       		.uleb128 0xb
 365 009a 3B       		.uleb128 0x3b
 366 009b 05       		.uleb128 0x5
 367 009c 49       		.uleb128 0x49
 368 009d 13       		.uleb128 0x13
 369 009e 3F       		.uleb128 0x3f
 370 009f 19       		.uleb128 0x19
 371 00a0 3C       		.uleb128 0x3c
 372 00a1 19       		.uleb128 0x19
ARM GAS  C:\Users\tkam627\AppData\Local\Temp\cchMaR12.s 			page 10


 373 00a2 00       		.byte	0
 374 00a3 00       		.byte	0
 375 00a4 0C       		.uleb128 0xc
 376 00a5 35       		.uleb128 0x35
 377 00a6 00       		.byte	0
 378 00a7 49       		.uleb128 0x49
 379 00a8 13       		.uleb128 0x13
 380 00a9 00       		.byte	0
 381 00aa 00       		.byte	0
 382 00ab 0D       		.uleb128 0xd
 383 00ac 2E       		.uleb128 0x2e
 384 00ad 00       		.byte	0
 385 00ae 3F       		.uleb128 0x3f
 386 00af 19       		.uleb128 0x19
 387 00b0 3C       		.uleb128 0x3c
 388 00b1 19       		.uleb128 0x19
 389 00b2 6E       		.uleb128 0x6e
 390 00b3 0E       		.uleb128 0xe
 391 00b4 03       		.uleb128 0x3
 392 00b5 0E       		.uleb128 0xe
 393 00b6 3A       		.uleb128 0x3a
 394 00b7 0B       		.uleb128 0xb
 395 00b8 3B       		.uleb128 0x3b
 396 00b9 0B       		.uleb128 0xb
 397 00ba 00       		.byte	0
 398 00bb 00       		.byte	0
 399 00bc 00       		.byte	0
 400              		.section	.debug_loc,"",%progbits
 401              	.Ldebug_loc0:
 402              	.LLST0:
 403 0000 00000000 		.4byte	.LVL0
 404 0004 08000000 		.4byte	.LVL2
 405 0008 0100     		.2byte	0x1
 406 000a 50       		.byte	0x50
 407 000b 08000000 		.4byte	.LVL2
 408 000f 1C000000 		.4byte	.LFE64
 409 0013 0400     		.2byte	0x4
 410 0015 F3       		.byte	0xf3
 411 0016 01       		.uleb128 0x1
 412 0017 50       		.byte	0x50
 413 0018 9F       		.byte	0x9f
 414 0019 00000000 		.4byte	0
 415 001d 00000000 		.4byte	0
 416              	.LLST1:
 417 0021 00000000 		.4byte	.LVL0
 418 0025 0A000000 		.4byte	.LVL3
 419 0029 0100     		.2byte	0x1
 420 002b 51       		.byte	0x51
 421 002c 0A000000 		.4byte	.LVL3
 422 0030 14000000 		.4byte	.LVL6
 423 0034 0100     		.2byte	0x1
 424 0036 55       		.byte	0x55
 425 0037 14000000 		.4byte	.LVL6
 426 003b 1C000000 		.4byte	.LFE64
 427 003f 0100     		.2byte	0x1
 428 0041 51       		.byte	0x51
 429 0042 00000000 		.4byte	0
ARM GAS  C:\Users\tkam627\AppData\Local\Temp\cchMaR12.s 			page 11


 430 0046 00000000 		.4byte	0
 431              	.LLST2:
 432 004a 00000000 		.4byte	.LVL0
 433 004e 08000000 		.4byte	.LVL2
 434 0052 0100     		.2byte	0x1
 435 0054 52       		.byte	0x52
 436 0055 08000000 		.4byte	.LVL2
 437 0059 1C000000 		.4byte	.LFE64
 438 005d 0100     		.2byte	0x1
 439 005f 56       		.byte	0x56
 440 0060 00000000 		.4byte	0
 441 0064 00000000 		.4byte	0
 442              	.LLST3:
 443 0068 04000000 		.4byte	.LVL1
 444 006c 08000000 		.4byte	.LVL2
 445 0070 0200     		.2byte	0x2
 446 0072 30       		.byte	0x30
 447 0073 9F       		.byte	0x9f
 448 0074 08000000 		.4byte	.LVL2
 449 0078 1C000000 		.4byte	.LFE64
 450 007c 0100     		.2byte	0x1
 451 007e 54       		.byte	0x54
 452 007f 00000000 		.4byte	0
 453 0083 00000000 		.4byte	0
 454              		.section	.debug_aranges,"",%progbits
 455 0000 1C000000 		.4byte	0x1c
 456 0004 0200     		.2byte	0x2
 457 0006 00000000 		.4byte	.Ldebug_info0
 458 000a 04       		.byte	0x4
 459 000b 00       		.byte	0
 460 000c 0000     		.2byte	0
 461 000e 0000     		.2byte	0
 462 0010 00000000 		.4byte	.LFB64
 463 0014 1C000000 		.4byte	.LFE64-.LFB64
 464 0018 00000000 		.4byte	0
 465 001c 00000000 		.4byte	0
 466              		.section	.debug_ranges,"",%progbits
 467              	.Ldebug_ranges0:
 468 0000 00000000 		.4byte	.LFB64
 469 0004 1C000000 		.4byte	.LFE64
 470 0008 00000000 		.4byte	0
 471 000c 00000000 		.4byte	0
 472              		.section	.debug_line,"",%progbits
 473              	.Ldebug_line0:
 474 0000 76010000 		.section	.debug_str,"MS",%progbits,1
 474      02004A01 
 474      00000201 
 474      FB0E0D00 
 474      01010101 
 475              	.LASF6:
 476 0000 6C6F6E67 		.ascii	"long long int\000"
 476      206C6F6E 
 476      6720696E 
 476      7400
 477              	.LASF18:
 478 000e 64656275 		.ascii	"debug.c\000"
 478      672E6300 
ARM GAS  C:\Users\tkam627\AppData\Local\Temp\cchMaR12.s 			page 12


 479              	.LASF8:
 480 0016 756E7369 		.ascii	"unsigned int\000"
 480      676E6564 
 480      20696E74 
 480      00
 481              	.LASF17:
 482 0023 474E5520 		.ascii	"GNU C11 5.4.1 20160609 (release) [ARM/embedded-5-br"
 482      43313120 
 482      352E342E 
 482      31203230 
 482      31363036 
 483 0056 616E6368 		.ascii	"anch revision 237715] -mcpu=cortex-m3 -mthumb -g -O"
 483      20726576 
 483      6973696F 
 483      6E203233 
 483      37373135 
 484 0089 67202D66 		.ascii	"g -ffunction-sections -ffat-lto-objects\000"
 484      66756E63 
 484      74696F6E 
 484      2D736563 
 484      74696F6E 
 485              	.LASF5:
 486 00b1 6C6F6E67 		.ascii	"long unsigned int\000"
 486      20756E73 
 486      69676E65 
 486      6420696E 
 486      7400
 487              	.LASF7:
 488 00c3 6C6F6E67 		.ascii	"long long unsigned int\000"
 488      206C6F6E 
 488      6720756E 
 488      7369676E 
 488      65642069 
 489              	.LASF3:
 490 00da 73686F72 		.ascii	"short unsigned int\000"
 490      7420756E 
 490      7369676E 
 490      65642069 
 490      6E7400
 491              	.LASF16:
 492 00ed 66696C65 		.ascii	"file\000"
 492      00
 493              	.LASF20:
 494 00f2 5F777269 		.ascii	"_write\000"
 494      746500
 495              	.LASF1:
 496 00f9 756E7369 		.ascii	"unsigned char\000"
 496      676E6564 
 496      20636861 
 496      7200
 497              	.LASF13:
 498 0107 63686172 		.ascii	"char\000"
 498      00
 499              	.LASF19:
 500 010c 5C5C6669 		.ascii	"\\\\files.auckland.ac.nz\\myhome\\Documents\\PSoC C"
 500      6C65732E 
 500      6175636B 
ARM GAS  C:\Users\tkam627\AppData\Local\Temp\cchMaR12.s 			page 13


 500      6C616E64 
 500      2E61632E 
 501 013a 72656174 		.ascii	"reator\\Digital_Pins01\\mother.cydsn\000"
 501      6F725C44 
 501      69676974 
 501      616C5F50 
 501      696E7330 
 502              	.LASF22:
 503 015d 55415254 		.ascii	"UART_PutChar\000"
 503      5F507574 
 503      43686172 
 503      00
 504              	.LASF12:
 505 016a 646F7562 		.ascii	"double\000"
 505      6C6500
 506              	.LASF4:
 507 0171 6C6F6E67 		.ascii	"long int\000"
 507      20696E74 
 507      00
 508              	.LASF21:
 509 017a 49544D5F 		.ascii	"ITM_RxBuffer\000"
 509      52784275 
 509      66666572 
 509      00
 510              	.LASF0:
 511 0187 7369676E 		.ascii	"signed char\000"
 511      65642063 
 511      68617200 
 512              	.LASF14:
 513 0193 6C6F6E67 		.ascii	"long double\000"
 513      20646F75 
 513      626C6500 
 514              	.LASF9:
 515 019f 5F5F696E 		.ascii	"__int32_t\000"
 515      7433325F 
 515      7400
 516              	.LASF11:
 517 01a9 666C6F61 		.ascii	"float\000"
 517      7400
 518              	.LASF2:
 519 01af 73686F72 		.ascii	"short int\000"
 519      7420696E 
 519      7400
 520              	.LASF10:
 521 01b9 696E7433 		.ascii	"int32_t\000"
 521      325F7400 
 522              	.LASF15:
 523 01c1 73697A65 		.ascii	"sizetype\000"
 523      74797065 
 523      00
 524              		.ident	"GCC: (GNU Tools for ARM Embedded Processors) 5.4.1 20160609 (release) [ARM/embedded-5-bran
